I'm sorry, but errors were detected in your script. Please correct the
errors listed below, and try again.


File "game/screens.rpy", line 289: 'xsize' is not a keyword argument or valid child of the screen statement.
    xsize 1080
         ^

Ren'Py Version: Ren'Py 8.2.1.24030407
Sun Jun 23 18:05:12 2024
